// Jest Snapshot v1, https://goo.gl/fbAQLP

exports[`testing movies module rendered properly 1`] = `<Movies />`;
