// Jest Snapshot v1, https://goo.gl/fbAQLP

exports[`testing whole application rendered properly 1`] = `
<StoreProvider>
  <div
    className="app-container"
  >
    <Movies />
  </div>
</StoreProvider>
`;
