// Jest Snapshot v1, https://goo.gl/fbAQLP

exports[`testing lazy image rendered properly 1`] = `
<img
  alt=""
  className=" lazy-image"
  draggable={false}
  onError={[Function]}
  onLoad={[Function]}
  src="/images/placeholder_for_missing_posters.png"
/>
`;
