// Jest Snapshot v1, https://goo.gl/fbAQLP

exports[`testing home module rendered properly 1`] = `
<Home
  alt=""
  className=""
  src=""
/>
`;
